[0m[1][0m 
[0m[1][0m > backend@1.0.0 dev:worker
[0m[1][0m > tsx src/worker-host.ts
[0m[1][0m 
[0m[2][0m 
[0m[2][0m > backend@1.0.0 dev:worker:cluster
[0m[2][0m > tsx src/worker-cluster.ts
[0m[2][0m 
[0m[0][0m 
[0m[0][0m > backend@1.0.0 dev
[0m[0][0m > tsx watch --exclude data src/index.ts
[0m[0][0m 
[0m[1][0m ◇ injected env (10) from .env // tip: ◈ secrets for agents [www.dotenvx.com]
[0m[1][0m 2026-08-24T22:22:33.042Z [INFO] [HostWorker] Starting — taskQueue=host-ops-queue, address=localhost:7233
[0m[2][0m ◇ injected env (10) from .env // tip: ◈ encrypted .env [www.dotenvx.com]
[0m[2][0m 2026-08-24T22:22:33.057Z [INFO] [ClusterWorker] Starting — taskQueue=cluster-ops-queue, address=localhost:7233
[0m[0][0m ◇ injected env (10) from .env // tip: ◈ encrypted .env [www.dotenvx.com]
[0m[0][0m [TemporalBridge] Running active workflow recovery check...
[0m[0][0m [app-specs] seeded 1 built-in spec(s): minio
[0m[0][0m 🚀 Provisioning Server Active on http://localhost:3002
[0m[0][0m 🚀 Host Tunnel Server active on http://[::]:8001
[0m[1][0m 2026-08-24T22:22:36.710Z [INFO] asset workflow-bundle-b7497f7330449d527792.js 1.71 MiB [emitted] [immutable] (name: main)
[0m[1][0m runtime modules 1.34 KiB 4 modules
[0m[1][0m modules by path ../../node_modules/ 431 KiB
[0m[1][0m   modules by path ../../node_modules/@temporalio/ 359 KiB 61 modules
[0m[1][0m   modules by path ../../node_modules/nexus-rpc/lib/ 22.3 KiB 13 modules
[0m[1][0m   ../../node_modules/long/umd/index.js 49.8 KiB [built] [code generated]
[0m[1][0m modules by path ./src/ 88 KiB
[0m[1][0m   modules by path ./src/workflows/*.ts 50.1 KiB 11 modules
[0m[1][0m   modules by path ./src/lib/*.ts 37.4 KiB
[0m[1][0m     ./src/lib/activity-timeouts.ts 6.35 KiB [built] [code generated]
[0m[1][0m     + 3 modules
[0m[1][0m   ./src/workflows-autogenerated-entrypoint.cjs 498 bytes [built] [code generated]
[0m[1][0m optional modules 30 bytes [optional]
[0m[1][0m   __temporal_custom_payload_converter (ignored) 15 bytes [optional] [built] [code generated]
[0m[1][0m   __temporal_custom_failure_converter (ignored) 15 bytes [optional] [built] [code generated]
[0m[1][0m webpack 5.108.1 compiled successfully in 1640 ms {"sdkComponent":"worker","taskQueue":"host-ops-queue"}
[0m[1][0m 2026-08-24T22:22:36.723Z [INFO] Workflow bundle created {"sdkComponent":"worker","taskQueue":"host-ops-queue","size":"1.71MB"}
[0m[2][0m 2026-08-24T22:22:36.738Z [INFO] asset workflow-bundle-b7497f7330449d527792.js 1.71 MiB [emitted] [immutable] (name: main)
[0m[2][0m runtime modules 1.34 KiB 4 modules
[0m[2][0m modules by path ../../node_modules/ 431 KiB
[0m[2][0m   modules by path ../../node_modules/@temporalio/ 359 KiB 61 modules
[0m[2][0m   modules by path ../../node_modules/nexus-rpc/lib/ 22.3 KiB 13 modules
[0m[2][0m   ../../node_modules/long/umd/index.js 49.8 KiB [built] [code generated]
[0m[2][0m modules by path ./src/ 88 KiB
[0m[2][0m   modules by path ./src/workflows/*.ts 50.1 KiB 11 modules
[0m[2][0m   modules by path ./src/lib/*.ts 37.4 KiB
[0m[2][0m     ./src/lib/activity-timeouts.ts 6.35 KiB [built] [code generated]
[0m[2][0m     + 3 modules
[0m[2][0m   ./src/workflows-autogenerated-entrypoint.cjs 498 bytes [built] [code generated]
[0m[2][0m optional modules 30 bytes [optional]
[0m[2][0m   __temporal_custom_payload_converter (ignored) 15 bytes [optional] [built] [code generated]
[0m[2][0m   __temporal_custom_failure_converter (ignored) 15 bytes [optional] [built] [code generated]
[0m[2][0m webpack 5.108.1 compiled successfully in 1238 ms {"sdkComponent":"worker","taskQueue":"cluster-ops-queue"}
[0m[2][0m 2026-08-24T22:22:36.760Z [INFO] Workflow bundle created {"sdkComponent":"worker","taskQueue":"cluster-ops-queue","size":"1.71MB"}
[0m[0][0m [InfrastructureService] GPU device plugin (nvidia) DaemonSet already exists, skipping install.
[0m[0][0m [InfrastructureService] Waiting for GPU device plugin (nvidia) pod to become ready...
[0m[1][0m 2026-08-24T22:22:40.894Z [INFO] [HostWorker] ✅ Listening for cluster provisioning tasks
[0m[1][0m 2026-08-24T22:22:40.895Z [INFO] Worker state changed {"sdkComponent":"worker","taskQueue":"host-ops-queue","state":"RUNNING"}
[0m[2][0m 2026-08-24T22:22:40.895Z [INFO] [ClusterWorker] ✅ Listening for app deployment tasks
[0m[2][0m 2026-08-24T22:22:40.896Z [INFO] Worker state changed {"sdkComponent":"worker","taskQueue":"cluster-ops-queue","state":"RUNNING"}
[0m[1][0m 2026-08-24T22:22:40.897Z [INFO] No Nexus services registered, not polling for Nexus tasks {"sdkComponent":"worker","taskQueue":"host-ops-queue"}
[0m[2][0m 2026-08-24T22:22:40.899Z [INFO] No Nexus services registered, not polling for Nexus tasks {"sdkComponent":"worker","taskQueue":"cluster-ops-queue"}
[0m[0][0m [InfrastructureService] GPU device plugin (nvidia) is ready.
[0m[0][0m [15:22:41.030] [32mINFO[39m (2940547): [36mGPU device plugin ready on the management cluster.[39m
[0m[0][0m [Reconcile] Cluster e2e-fleet-200 workflow is COMPLETED but DB says provisioning — fixing
[0m[0][0m [15:30:08.319] [32mINFO[39m (2940547): [36mDetected local cluster e2e-fleet-200 deleted outside the system. Syncing...[39m
[0m[0][0m [15:30:08.335] [32mINFO[39m (2940547): [36mDetected local cluster e2e-fleet-200 deleted outside the system. Syncing...[39m
